2025-11-23 11:34:50 - INFO - ============================================================
2025-11-23 11:34:50 - INFO - Starting artist connection search for 2025-11-22
2025-11-23 11:34:50 - INFO - ============================================================
2025-11-23 11:34:50 - INFO - Step 1: Loading data files...
2025-11-23 11:34:50 - INFO - Loaded 1034 successful artists (781 failed/skipped)
2025-11-23 11:34:50 - INFO -   ✓ Loaded similar artists map: 1034 artists
2025-11-23 11:34:50 - INFO - Loaded 254 events
2025-11-23 11:34:50 - INFO -   ✓ Loaded events: 254 events
2025-11-23 11:34:50 - INFO - Loaded 961 artists
2025-11-23 11:34:50 - INFO -   ✓ Loaded favorites: 961 artists
2025-11-23 11:34:50 - INFO - Step 2: Extracting unique artists from events...
2025-11-23 11:34:50 - INFO -   ✓ Found 545 unique artists across events
2025-11-23 11:34:50 - INFO - Step 3: Building sparse graph from similarity data...
2025-11-23 11:34:50 - INFO -   ✓ Graph built: 20931 nodes, 41941 edges
2025-11-23 11:34:50 - INFO -   Building strength lookup for fast path reconstruction...
2025-11-23 11:34:50 - INFO -   ✓ Strength lookup built: 41941 edges
2025-11-23 11:34:50 - INFO - Step 4: Running Dijkstra search to find optimal paths...
2025-11-23 11:34:51 - INFO -   ✓ Found 57415 artist pairs with 57415 total paths
2025-11-23 11:34:51 - INFO - Step 5a: Generating full detailed reports...
2025-11-23 11:34:51 - INFO -   - Very Similar Artists: 628
2025-11-23 11:34:51 - INFO -   - Similar Artists: 6894
2025-11-23 11:34:51 - INFO -   - Moderately Related Artists: 29254
2025-11-23 11:34:51 - INFO -   - Distantly Related Artists: 20639
2025-11-23 11:34:51 - INFO - Markdown report saved to: output/edmtrain_full_reports/edmtrain_event_connections_2025-11-22.md
2025-11-23 11:34:53 - INFO - JSON report saved to: output/edmtrain_full_reports/edmtrain_event_connections_2025-11-22.json
2025-11-23 11:34:53 - INFO -   ✓ Full reports generated in full_reports/
2025-11-23 11:34:53 - INFO - Step 5b: Generating summary reports...
2025-11-23 11:34:53 - INFO - Summary markdown report saved to: output/edmtrain_connections_summary_2025-11-22.md
2025-11-23 11:34:55 - INFO - Summary JSON report saved to: output/edmtrain_connections_summary_2025-11-22.json
2025-11-23 11:34:55 - INFO -   ✓ Summary reports generated
2025-11-23 11:35:19 - INFO - ✓ Git commit and push successful: Generated edmtrain connection reports for 2025-11-22
2025-11-23 11:35:19 - INFO - ============================================================
2025-11-23 11:35:19 - INFO - Artist connection search completed successfully
2025-11-23 11:35:19 - INFO - Total artist pairs: 57415
2025-11-23 11:35:19 - INFO - Total connections found: 57415
2025-11-23 11:35:19 - INFO - Reports saved to:
2025-11-23 11:35:19 - INFO -   Summary reports:
2025-11-23 11:35:19 - INFO -     - output/edmtrain_connections_summary_2025-11-22.md
2025-11-23 11:35:19 - INFO -     - output/edmtrain_connections_summary_2025-11-22.json
2025-11-23 11:35:19 - INFO -   Full reports:
2025-11-23 11:35:19 - INFO -     - output/edmtrain_full_reports/edmtrain_event_connections_2025-11-22.md
2025-11-23 11:35:19 - INFO -     - output/edmtrain_full_reports/edmtrain_event_connections_2025-11-22.json
2025-11-23 11:35:19 - INFO - ============================================================
